ooooooooooooooooooooooooooooooooooooooooooo
ooooooooooooooooooooooooooooooooooooooooooo
ooooooooooooooooooooooooooooooooooooooooooo
ooooooooooooooooooooooooooooooooooooooooooo
ooooooooooooooooooooooooooooooooooooooooooo
ooooooooooooooooooooooooooooooooooooooooooo
ooooooooooooooooooooooooooooooooooooooooooo
ooooooooooooooooooooooooooooooooooooooooooo
ooooooooooooooooooooooooooooooooooooooooooo
ooooooooowwwwwwwwwwwwoooooooooooooooooooooooo
ooooooooowaaaaaawaaawoooooooooooooooooooooooo
ooooooooowwwwaaawaaawoooooooooooooooooooooooo
ooooooooowaaaawawawawoooooooooooooooooooooooo
ooooooooowwwaawaaawawoooooooooooooooooooooooo
ooooooooowaaaawaaawawoooooooooooooooooooooooo
ooooooooowaaawwwwwwwwoooooooooooooooooooooooo
ooooooooowaaaaaaaaaawoooooooooooooooooooooooo
ooooooooowwwwwwwaaaawoooooooooooooooooooooooo
ooooooooowaaaaaaaaaawooooooooooooooooooooo
ooooooooowwwwwwwwwwwwoooooooooooooooooooooo
ooooooooooooooooooooooooooooooooooooooooooo
ooooooooooooooooooooooooooooooooooooooooooo
ooooooooooooooooooooooooooooooooooooooooooo
ooooooooooooooooooooooooooooooooooooooooooo
ooooooooooooooooooooooooooooooooooooooooooo
ooooooooooooooooooooooooooooooooooooooooooo
ooooooooooooooooooooooooooooooooooooooooooo
ooooooooooooooooooooooooooooooooooooooooooo
ooooooooooooooooooooooooooooooooooooooooooo
ooooooooooooooooooooooooooooooooooooooooooo